Microchip MPLAB XC8 Compiler V2.10 ()

Linker command line:

-W-3 --edf=C:\Program Files (x86)\Microchip\xc8\v2.10\pic\dat\en_msgs.txt \
  -cs -h+dist/default/production\Test_ADC.X.production.sym \
  --cmf=dist/default/production\Test_ADC.X.production.cmf -z -Q18F27K42 \
  -oC:\Users\lgcer\AppData\Local\Temp\s159g.2 --defsym=__MPLAB_BUILD=1 \
  -Mdist/default/production/Test_ADC.X.production.map -E1 -ver=XC8 \
  --acfsm=1493 -ASTACK=060h-01FFFh -pstack=STACK -ACODE=00h-01FFFFh \
  -ACONST=00h-01FFFFh -ASMALLCONST=02000h-020FFhx480 \
  -AMEDIUMCONST=02000h-0FFFFh,012000h-01FFFFh -ACOMRAM=01h-05Fh \
  -AABS1=00h-01FFFh -ABIGRAM=01h-01FFFh -ARAM=060h-0FFh,0100h-01FFhx31 \
  -ABANK0=060h-0FFh -ABANK1=0100h-01FFh -ABANK2=0200h-02FFh \
  -ABANK3=0300h-03FFh -ABANK4=0400h-04FFh -ABANK5=0500h-05FFh \
  -ABANK6=0600h-06FFh -ABANK7=0700h-07FFh -ABANK8=0800h-08FFh \
  -ABANK9=0900h-09FFh -ABANK10=0A00h-0AFFh -ABANK11=0B00h-0BFFh \
  -ABANK12=0C00h-0CFFh -ABANK13=0D00h-0DFFh -ABANK14=0E00h-0EFFh \
  -ABANK15=0F00h-0FFFh -ABANK16=01000h-010FFh -ABANK17=01100h-011FFh \
  -ABANK18=01200h-012FFh -ABANK19=01300h-013FFh -ABANK20=01400h-014FFh \
  -ABANK21=01500h-015FFh -ABANK22=01600h-016FFh -ABANK23=01700h-017FFh \
  -ABANK24=01800h-018FFh -ABANK25=01900h-019FFh -ABANK26=01A00h-01AFFh \
  -ABANK27=01B00h-01BFFh -ABANK28=01C00h-01CFFh -ABANK29=01D00h-01DFFh \
  -ABANK30=01E00h-01EFFh -ABANK31=01F00h-01FFFh \
  -ASFR=03800h-038FFhx7,03F00h-03F5Fh,03F60h-03FFFh -preset_vec=00h \
  -ppowerup=CODE,init -pramtop=02000h -psmallconst=SMALLCONST \
  -pmediumconst=MEDIUMCONST -pconst=CONST -AFARRAM=00h-00h \
  -ACONFIG=0300000h-0300009h -pconfig=CONFIG -AIDLOC=0200000h-020000Fh \
  -pidloc=IDLOC -AEEDATA=0310000h-03103FFh -peeprom_data=EEDATA \
  -prdata=COMRAM,nvrram=COMRAM,nvbit=COMRAM,rbss=COMRAM,rbit=COMRAM \
  -pfarbss=FARRAM,fardata=FARRAM,nvFARRAM=FARRAM \
  -pintsave_regs=BIGRAM,bigbss=BIGRAM,bigdata=BIGRAM -pbss=RAM \
  -pidata=CODE,irdata=CODE,ibigdata=CODE,ifardata=CODE -prparam=COMRAM \
  C:\Users\lgcer\AppData\Local\Temp\s159g.o \
  dist/default/production\Test_ADC.X.production.o 

Object code version is 3.11

Machine type is 18F27K42

Call graph: (short form)




                Name                               Link     Load   Length Selector   Space Scale
C:\Users\lgcer\AppData\Local\Temp\s159g.o
                init                              1FFFC    1FFFC        4     FFFE       0
                reset_vec                             0        0        4        0       0
                idloc                            200000   200000       10   200000       0
                config                           300000   300000        A   300000       0
dist/default/production\Test_ADC.X.production.o
                text6                             1FE6E    1FE6E       32     FF37       0
                text5                             1FEA0    1FEA0       5C     FF50       0
                text4                             1FE32    1FE32       18     FF19       0
                text3                             1FEFC    1FEFC       5C     FF7E       0
                text2                             1FE4A    1FE4A       24     FF25       0
                text1                             1FE20    1FE20       12     FF10       0
                text0                             1FF58    1FF58       A4     FFAC       0
                cstackCOMRAM                          7        7        5        1       1
                bssCOMRAM                             C        C        2        1       1
                cinit                             1FE16    1FE16        A     FF0B       0
                nvCOMRAM                              1        1        6        1       1

TOTAL           Name                               Link     Load   Length     Space
        CLASS   STACK          

        CLASS   CODE           
                init                              1FFFC    1FFFC        4         0
                reset_vec                             0        0        4         0
                text6                             1FE6E    1FE6E       32         0
                text5                             1FEA0    1FEA0       5C         0
                text4                             1FE32    1FE32       18         0
                text3                             1FEFC    1FEFC       5C         0
                text2                             1FE4A    1FE4A       24         0
                text1                             1FE20    1FE20       12         0
                text0                             1FF58    1FF58       A4         0
                cinit                             1FE16    1FE16        A         0

        CLASS   CONST          

        CLASS   SMALLCONST     

        CLASS   MEDIUMCONST    

        CLASS   COMRAM         
                cstackCOMRAM                          7        7        5         1
                bssCOMRAM                             C        C        2         1
                nvCOMRAM                              1        1        6         1

        CLASS   ABS1           

        CLASS   BIGRAM         

        CLASS   RAM            

        CLASS   BANK0          

        CLASS   BANK1          

        CLASS   BANK2          

        CLASS   BANK3          

        CLASS   BANK4          

        CLASS   BANK5          

        CLASS   BANK6          

        CLASS   BANK7          

        CLASS   BANK8          

        CLASS   BANK9          

        CLASS   BANK10         

        CLASS   BANK11         

        CLASS   BANK12         

        CLASS   BANK13         

        CLASS   BANK14         

        CLASS   BANK15         

        CLASS   BANK16         

        CLASS   BANK17         

        CLASS   BANK18         

        CLASS   BANK19         

        CLASS   BANK20         

        CLASS   BANK21         

        CLASS   BANK22         

        CLASS   BANK23         

        CLASS   BANK24         

        CLASS   BANK25         

        CLASS   BANK26         

        CLASS   BANK27         

        CLASS   BANK28         

        CLASS   BANK29         

        CLASS   BANK30         

        CLASS   BANK31         

        CLASS   SFR            

        CLASS   FARRAM         

        CLASS   CONFIG         
                config                           300000   300000        A         0

        CLASS   IDLOC          
                idloc                            200000   200000       10         0

        CLASS   EEDATA         



SEGMENTS        Name                           Load    Length   Top    Selector   Space  Class

                reset_vec                      000000  000004  000004         0       0  CODE    
                nvCOMRAM                       000001  00000D  00000E         1       1  COMRAM  
                cinit                          01FE16  00000A  01FE20      FF0B       0  CODE    
                text1                          01FE20  000012  01FE32      FF10       0  CODE    
                text4                          01FE32  000018  01FE4A      FF19       0  CODE    
                text2                          01FE4A  000024  01FE6E      FF25       0  CODE    
                text6                          01FE6E  000032  01FEA0      FF37       0  CODE    
                text5                          01FEA0  00005C  01FEFC      FF50       0  CODE    
                text3                          01FEFC  00005C  01FF58      FF7E       0  CODE    
                text0                          01FF58  0000A4  01FFFC      FFAC       0  CODE    
                init                           01FFFC  000004  020000      FFFE       0  CODE    
                idloc                          200000  000010  200010    200000       0  IDLOC   
                config                         300000  00000A  30000A    300000       0  CONFIG  


UNUSED ADDRESS RANGES

        Name                Unused          Largest block    Delta
        BANK0            000060-0000FF               A0
        BANK1            000100-0001FF              100
        BANK10           000A00-000AFF              100
        BANK11           000B00-000BFF              100
        BANK12           000C00-000CFF              100
        BANK13           000D00-000DFF              100
        BANK14           000E00-000EFF              100
        BANK15           000F00-000FFF              100
        BANK16           001000-0010FF              100
        BANK17           001100-0011FF              100
        BANK18           001200-0012FF              100
        BANK19           001300-0013FF              100
        BANK2            000200-0002FF              100
        BANK20           001400-0014FF              100
        BANK21           001500-0015FF              100
        BANK22           001600-0016FF              100
        BANK23           001700-0017FF              100
        BANK24           001800-0018FF              100
        BANK25           001900-0019FF              100
        BANK26           001A00-001AFF              100
        BANK27           001B00-001BFF              100
        BANK28           001C00-001CFF              100
        BANK29           001D00-001DFF              100
        BANK3            000300-0003FF              100
        BANK30           001E00-001EFF              100
        BANK31           001F00-001FFF              100
        BANK4            000400-0004FF              100
        BANK5            000500-0005FF              100
        BANK6            000600-0006FF              100
        BANK7            000700-0007FF              100
        BANK8            000800-0008FF              100
        BANK9            000900-0009FF              100
        BIGRAM           00000E-001FFF             1FF2
        CODE             000004-01FE15            1FE12
        COMRAM           00000E-00005F               52
        CONST            000004-01FE15            1FE12
        EEDATA           310000-3103FF              400
        MEDIUMCONST      002000-00FFFF             E000
                         012000-01FE15             DE16
        RAM              000060-001FFF              100
        SFR              003800-003FFF              100
        SMALLCONST       002000-01FE15              100
        STACK            000060-001FFF             1FA0

                                  Symbol Table

?_ADCC_GetSingleConversion         cstackCOMRAM 000007
ADCC_GetSingleConversion@channel   cstackCOMRAM 00000B
_ADACCH                            (abs)        003EE9
_ADACCL                            (abs)        003EE8
_ADACCU                            (abs)        003EEA
_ADACQH                            (abs)        003EF4
_ADACQL                            (abs)        003EF3
_ADACT                             (abs)        003EFE
_ADCAP                             (abs)        003EF5
_ADCC_GetSingleConversion          text6        01FE6E
_ADCC_Initialize                   text5        01FEA0
_ADCLK                             (abs)        003EFF
_ADCNT                             (abs)        003EEB
_ADCON0                            (abs)        003EF8
_ADCON0bits                        (abs)        003EF8
_ADCON1                            (abs)        003EF9
_ADCON1bits                        (abs)        003EF9
_ADCON2                            (abs)        003EFA
_ADCON2bits                        (abs)        003EFA
_ADCON3                            (abs)        003EFB
_ADCON3bits                        (abs)        003EFB
_ADERRH                            (abs)        003EE3
_ADERRL                            (abs)        003EE2
_ADFLTRH                           (abs)        003EE7
_ADFLTRL                           (abs)        003EE6
_ADLTHH                            (abs)        003EDF
_ADLTHL                            (abs)        003EDE
_ADPCH                             (abs)        003EF1
_ADPREH                            (abs)        003EF7
_ADPREL                            (abs)        003EF6
_ADPREVH                           (abs)        003EEE
_ADPREVL                           (abs)        003EED
_ADREF                             (abs)        003EFD
_ADRESH                            (abs)        003EF0
_ADRESL                            (abs)        003EEF
_ADRPT                             (abs)        003EEC
_ADSTAT                            (abs)        003EFC
_ADSTATbits                        (abs)        003EFC
_ADSTPTH                           (abs)        003EE5
_ADSTPTL                           (abs)        003EE4
_ADUTHH                            (abs)        003EE1
_ADUTHL                            (abs)        003EE0
_ANSELA                            (abs)        003A40
_ANSELB                            (abs)        003A50
_ANSELC                            (abs)        003A60
_INLVLA                            (abs)        003A44
_INLVLB                            (abs)        003A54
_INLVLC                            (abs)        003A64
_INLVLE                            (abs)        003A84
_LATA                              (abs)        003FBA
_LATB                              (abs)        003FBB
_LATC                              (abs)        003FBC
_LATCbits                          (abs)        003FBC
_ODCONA                            (abs)        003A42
_ODCONB                            (abs)        003A52
_ODCONC                            (abs)        003A62
_OSCCON1                           (abs)        0039D9
_OSCCON3                           (abs)        0039DB
_OSCEN                             (abs)        0039DD
_OSCFRQ                            (abs)        0039DF
_OSCILLATOR_Initialize             text4        01FE32
_OSCTUNE                           (abs)        0039DE
_PIN_MANAGER_Initialize            text3        01FEFC
_PMD0                              (abs)        0039C0
_PMD1                              (abs)        0039C1
_PMD2                              (abs)        0039C2
_PMD3                              (abs)        0039C3
_PMD4                              (abs)        0039C4
_PMD5                              (abs)        0039C5
_PMD6                              (abs)        0039C6
_PMD7                              (abs)        0039C7
_PMD_Initialize                    text2        01FE4A
_RB1I2C                            (abs)        003A5A
_RB2I2C                            (abs)        003A5B
_RC3I2C                            (abs)        003A6A
_RC4I2C                            (abs)        003A6B
_SLRCONA                           (abs)        003A43
_SLRCONB                           (abs)        003A53
_SLRCONC                           (abs)        003A63
_SYSTEM_Initialize                 text1        01FE20
_TRISA                             (abs)        003FC2
_TRISB                             (abs)        003FC3
_TRISC                             (abs)        003FC4
_WPUA                              (abs)        003A41
_WPUB                              (abs)        003A51
_WPUC                              (abs)        003A61
_WPUE                              (abs)        003A81
__CFG_BBEN$OFF                     (abs)        000000
__CFG_BBSIZE$BBSIZE_512            (abs)        000000
__CFG_BOREN$SBORDIS                (abs)        000000
__CFG_BORV$VBOR_2P45               (abs)        000000
__CFG_CLKOUTEN$OFF                 (abs)        000000
__CFG_CP$OFF                       (abs)        000000
__CFG_CSWEN$ON                     (abs)        000000
__CFG_DEBUG$OFF                    (abs)        000000
__CFG_FCMEN$ON                     (abs)        000000
__CFG_FEXTOSC$OFF                  (abs)        000000
__CFG_IVT1WAY$ON                   (abs)        000000
__CFG_LPBOREN$OFF                  (abs)        000000
__CFG_LVP$OFF                      (abs)        000000
__CFG_MCLRE$EXTMCLR                (abs)        000000
__CFG_MVECEN$OFF                   (abs)        000000
__CFG_PPS1WAY$ON                   (abs)        000000
__CFG_PR1WAY$ON                    (abs)        000000
__CFG_PWRTS$PWRT_OFF               (abs)        000000
__CFG_RSTOSC$HFINTOSC_1MHZ         (abs)        000000
__CFG_SAFEN$OFF                    (abs)        000000
__CFG_STVREN$ON                    (abs)        000000
__CFG_WDTCCS$SC                    (abs)        000000
__CFG_WDTCPS$WDTCPS_31             (abs)        000000
__CFG_WDTCWS$WDTCWS_7              (abs)        000000
__CFG_WDTE$OFF                     (abs)        000000
__CFG_WRTAPP$OFF                   (abs)        000000
__CFG_WRTB$OFF                     (abs)        000000
__CFG_WRTC$OFF                     (abs)        000000
__CFG_WRTD$OFF                     (abs)        000000
__CFG_WRTSAF$OFF                   (abs)        000000
__CFG_XINST$OFF                    (abs)        000000
__CFG_ZCD$OFF                      (abs)        000000
__HRAM                             (abs)        000000
__Habs1                            abs1         000000
__Hbank0                           bank0        000000
__Hbank1                           bank1        000000
__Hbank10                          bank10       000000
__Hbank11                          bank11       000000
__Hbank12                          bank12       000000
__Hbank13                          bank13       000000
__Hbank14                          bank14       000000
__Hbank15                          bank15       000000
__Hbank16                          bank16       000000
__Hbank17                          bank17       000000
__Hbank18                          bank18       000000
__Hbank19                          bank19       000000
__Hbank2                           bank2        000000
__Hbank20                          bank20       000000
__Hbank21                          bank21       000000
__Hbank22                          bank22       000000
__Hbank23                          bank23       000000
__Hbank24                          bank24       000000
__Hbank25                          bank25       000000
__Hbank26                          bank26       000000
__Hbank27                          bank27       000000
__Hbank28                          bank28       000000
__Hbank29                          bank29       000000
__Hbank3                           bank3        000000
__Hbank30                          bank30       000000
__Hbank31                          bank31       000000
__Hbank4                           bank4        000000
__Hbank5                           bank5        000000
__Hbank6                           bank6        000000
__Hbank7                           bank7        000000
__Hbank8                           bank8        000000
__Hbank9                           bank9        000000
__Hbigbss                          bigbss       000000
__Hbigdata                         bigdata      000000
__Hbigram                          bigram       000000
__Hbss                             bss          000000
__HbssCOMRAM                       bssCOMRAM    000000
__Hcinit                           cinit        000000
__Hclrtext                         clrtext      000000
__Hcomram                          comram       000000
__Hconfig                          config       30000A
__Hconst                           const        000000
__HcstackCOMRAM                    cstackCOMRAM 000000
__Hdata                            data         000000
__Heeprom_data                     eeprom_data  000000
__Hfarbss                          farbss       000000
__Hfardata                         fardata      000000
__Hibigdata                        ibigdata     000000
__Hidata                           idata        000000
__Hidloc                           idloc        200010
__Hifardata                        ifardata     000000
__Hinit                            init         020000
__Hintsave_regs                    intsave_regs 000000
__Hirdata                          irdata       000000
__Hmediumconst                     mediumconst  000000
__HnvCOMRAM                        nvCOMRAM     000000
__HnvFARRAM                        nvFARRAM     000000
__Hnvbit                           nvbit        000000
__Hnvrram                          nvrram       000000
__Hparam                           rparam       000000
__Hpowerup                         powerup      000000
__Hram                             ram          000000
__Hramtop                          ramtop       002000
__Hrbit                            rbit         000000
__Hrbss                            rbss         000000
__Hrdata                           rdata        000000
__Hreset_vec                       reset_vec    000004
__Hrparam                          rparam       000000
__Hsfr                             sfr          000000
__Hsmallconst                      smallconst   000000
__Hspace_0                         (abs)        30000A
__Hspace_1                         (abs)        00000E
__Hspace_2                         (abs)        000000
__Hstack                           stack        000000
__Hstruct                          struct       000000
__Htemp                            temp         000000
__Htext                            text         000000
__Htext0                           text0        000000
__Htext1                           text1        000000
__Htext2                           text2        000000
__Htext3                           text3        000000
__Htext4                           text4        000000
__Htext5                           text5        000000
__Htext6                           text6        000000
__LRAM                             (abs)        000001
__Labs1                            abs1         000000
__Lbank0                           bank0        000000
__Lbank1                           bank1        000000
__Lbank10                          bank10       000000
__Lbank11                          bank11       000000
__Lbank12                          bank12       000000
__Lbank13                          bank13       000000
__Lbank14                          bank14       000000
__Lbank15                          bank15       000000
__Lbank16                          bank16       000000
__Lbank17                          bank17       000000
__Lbank18                          bank18       000000
__Lbank19                          bank19       000000
__Lbank2                           bank2        000000
__Lbank20                          bank20       000000
__Lbank21                          bank21       000000
__Lbank22                          bank22       000000
__Lbank23                          bank23       000000
__Lbank24                          bank24       000000
__Lbank25                          bank25       000000
__Lbank26                          bank26       000000
__Lbank27                          bank27       000000
__Lbank28                          bank28       000000
__Lbank29                          bank29       000000
__Lbank3                           bank3        000000
__Lbank30                          bank30       000000
__Lbank31                          bank31       000000
__Lbank4                           bank4        000000
__Lbank5                           bank5        000000
__Lbank6                           bank6        000000
__Lbank7                           bank7        000000
__Lbank8                           bank8        000000
__Lbank9                           bank9        000000
__Lbigbss                          bigbss       000000
__Lbigdata                         bigdata      000000
__Lbigram                          bigram       000000
__Lbss                             bss          000000
__LbssCOMRAM                       bssCOMRAM    000000
__Lcinit                           cinit        000000
__Lclrtext                         clrtext      000000
__Lcomram                          comram       000000
__Lconfig                          config       300000
__Lconst                           const        000000
__LcstackCOMRAM                    cstackCOMRAM 000000
__Ldata                            data         000000
__Leeprom_data                     eeprom_data  000000
__Lfarbss                          farbss       000000
__Lfardata                         fardata      000000
__Libigdata                        ibigdata     000000
__Lidata                           idata        000000
__Lidloc                           idloc        200000
__Lifardata                        ifardata     000000
__Linit                            init         01FFFC
__Lintsave_regs                    intsave_regs 000000
__Lirdata                          irdata       000000
__Lmediumconst                     mediumconst  000000
__LnvCOMRAM                        nvCOMRAM     000000
__LnvFARRAM                        nvFARRAM     000000
__Lnvbit                           nvbit        000000
__Lnvrram                          nvrram       000000
__Lparam                           rparam       000000
__Lpowerup                         powerup      000000
__Lram                             ram          000000
__Lramtop                          ramtop       002000
__Lrbit                            rbit         000000
__Lrbss                            rbss         000000
__Lrdata                           rdata        000000
__Lreset_vec                       reset_vec    000000
__Lrparam                          rparam       000000
__Lsfr                             sfr          000000
__Lsmallconst                      smallconst   000000
__Lspace_0                         (abs)        000000
__Lspace_1                         (abs)        000000
__Lspace_2                         (abs)        000000
__Lstack                           stack        000000
__Lstruct                          struct       000000
__Ltemp                            temp         000000
__Ltext                            text         000000
__Ltext0                           text0        000000
__Ltext1                           text1        000000
__Ltext2                           text2        000000
__Ltext3                           text3        000000
__Ltext4                           text4        000000
__Ltext5                           text5        000000
__Ltext6                           text6        000000
__S0                               (abs)        30000A
__S1                               (abs)        00000E
__S2                               (abs)        000000
___inthi_sp                        stack        000000
___intlo_sp                        stack        000000
___param_bank                      (abs)        000000
___rparam_used                     (abs)        000001
___sp                              stack        000000
__accesstop                        (abs)        000060
__activetblptr                     (abs)        000000
__end_of_ADCC_GetSingleConversion  text6        01FEA0
__end_of_ADCC_Initialize           text5        01FEFC
__end_of_OSCILLATOR_Initialize     text4        01FE4A
__end_of_PIN_MANAGER_Initialize    text3        01FF58
__end_of_PMD_Initialize            text2        01FE6E
__end_of_SYSTEM_Initialize         text1        01FE32
__end_of__initialization           cinit        01FE1A
__end_of_main                      text0        01FFFC
__initialization                   cinit        01FE16
__mediumconst                      mediumconst  000000
__pbssCOMRAM                       bssCOMRAM    00000C
__pcinit                           cinit        01FE16
__pcstackCOMRAM                    cstackCOMRAM 000007
__pnvCOMRAM                        nvCOMRAM     000001
__ptext0                           text0        01FF58
__ptext1                           text1        01FE20
__ptext2                           text2        01FE4A
__ptext3                           text3        01FEFC
__ptext4                           text4        01FE32
__ptext5                           text5        01FEA0
__ptext6                           text6        01FE6E
__ramtop                           ramtop       002000
__size_of_ADCC_GetSingleConversion (abs)        000000
__size_of_ADCC_Initialize          (abs)        000000
__size_of_OSCILLATOR_Initialize    (abs)        000000
__size_of_PIN_MANAGER_Initialize   (abs)        000000
__size_of_PMD_Initialize           (abs)        000000
__size_of_SYSTEM_Initialize        (abs)        000000
__size_of_main                     (abs)        000000
__smallconst                       smallconst   000000
_adc0                              nvCOMRAM     000005
_adc1                              nvCOMRAM     000003
_adc_diff                          nvCOMRAM     000001
_i                                 bssCOMRAM    00000C
_main                              text0        01FF58
end_of_initialization              cinit        01FE1A
intlevel0                          text         000000
intlevel1                          text         000000
intlevel2                          text         000000
intlevel3                          text         000000
stackhi                            (abs)        001FFF
stacklo                            (abs)        000060
start                              init         01FFFC
start_initialization               cinit        01FE16


FUNCTION INFORMATION:

 *************** function _main *****************
 Defined at:
		line 58 in file "main.c"
 Parameters:    Size  Location     Type
		None
 Auto vars:     Size  Location     Type
		None
 Return value:  Size  Location     Type
                  1    wreg      void 
 Registers used:
		wreg, status,2, status,0, cstack
 Tracked objects:
		On entry : 
		On exit  : 
		Unchanged: 
 Data sizes:     COMRAM   BANK0   BANK1   BANK2   BANK3   BANK4   BANK5   BANK6   BANK7   BANK8   BANK9  BANK10  BANK11  BANK12  BANK13  BANK14  BANK15  BANK16  BANK17  BANK18  BANK19  BANK20  BANK21  BANK22  BANK23  BANK24  BANK25  BANK26  BANK27  BANK28  BANK29  BANK30  BANK31
      Params:         0       0       0       0       0       0       0       0       0       0       0       0       0       0       0       0       0       0       0       0       0       0       0       0       0       0       0       0       0       0       0       0       0
      Locals:         0       0       0       0       0       0       0       0       0       0       0       0       0       0       0       0       0       0       0       0       0       0       0       0       0       0       0       0       0       0       0       0       0
      Temps:          0       0       0       0       0       0       0       0       0       0       0       0       0       0       0       0       0       0       0       0       0       0       0       0       0       0       0       0       0       0       0       0       0
      Totals:         0       0       0       0       0       0       0       0       0       0       0       0       0       0       0       0       0       0       0       0       0       0       0       0       0       0       0       0       0       0       0       0       0
Total ram usage:        0 bytes
 Hardware stack levels required when called:    2
 This function calls:
		_ADCC_GetSingleConversion
		_SYSTEM_Initialize
 This function is called by:
		Startup code after reset
 This function uses a non-reentrant model


 *************** function _SYSTEM_Initialize *****************
 Defined at:
		line 50 in file "mcc_generated_files/mcc.c"
 Parameters:    Size  Location     Type
		None
 Auto vars:     Size  Location     Type
		None
 Return value:  Size  Location     Type
                  1    wreg      void 
 Registers used:
		wreg, status,2, cstack
 Tracked objects:
		On entry : 
		On exit  : 
		Unchanged: 
 Data sizes:     COMRAM   BANK0   BANK1   BANK2   BANK3   BANK4   BANK5   BANK6   BANK7   BANK8   BANK9  BANK10  BANK11  BANK12  BANK13  BANK14  BANK15  BANK16  BANK17  BANK18  BANK19  BANK20  BANK21  BANK22  BANK23  BANK24  BANK25  BANK26  BANK27  BANK28  BANK29  BANK30  BANK31
      Params:         0       0       0       0       0       0       0       0       0       0       0       0       0       0       0       0       0       0       0       0       0       0       0       0       0       0       0       0       0       0       0       0       0
      Locals:         0       0       0       0       0       0       0       0       0       0       0       0       0       0       0       0       0       0       0       0       0       0       0       0       0       0       0       0       0       0       0       0       0
      Temps:          0       0       0       0       0       0       0       0       0       0       0       0       0       0       0       0       0       0       0       0       0       0       0       0       0       0       0       0       0       0       0       0       0
      Totals:         0       0       0       0       0       0       0       0       0       0       0       0       0       0       0       0       0       0       0       0       0       0       0       0       0       0       0       0       0       0       0       0       0
Total ram usage:        0 bytes
 Hardware stack levels used:    1
 Hardware stack levels required when called:    1
 This function calls:
		_ADCC_Initialize
		_OSCILLATOR_Initialize
		_PIN_MANAGER_Initialize
		_PMD_Initialize
 This function is called by:
		_main
 This function uses a non-reentrant model


 *************** function _PMD_Initialize *****************
 Defined at:
		line 72 in file "mcc_generated_files/mcc.c"
 Parameters:    Size  Location     Type
		None
 Auto vars:     Size  Location     Type
		None
 Return value:  Size  Location     Type
                  1    wreg      void 
 Registers used:
		wreg, status,2
 Tracked objects:
		On entry : 
		On exit  : 
		Unchanged: 
 Data sizes:     COMRAM   BANK0   BANK1   BANK2   BANK3   BANK4   BANK5   BANK6   BANK7   BANK8   BANK9  BANK10  BANK11  BANK12  BANK13  BANK14  BANK15  BANK16  BANK17  BANK18  BANK19  BANK20  BANK21  BANK22  BANK23  BANK24  BANK25  BANK26  BANK27  BANK28  BANK29  BANK30  BANK31
      Params:         0       0       0       0       0       0       0       0       0       0       0       0       0       0       0       0       0       0       0       0       0       0       0       0       0       0       0       0       0       0       0       0       0
      Locals:         0       0       0       0       0       0       0       0       0       0       0       0       0       0       0       0       0       0       0       0       0       0       0       0       0       0       0       0       0       0       0       0       0
      Temps:          0       0       0       0       0       0       0       0       0       0       0       0       0       0       0       0       0       0       0       0       0       0       0       0       0       0       0       0       0       0       0       0       0
      Totals:         0       0       0       0       0       0       0       0       0       0       0       0       0       0       0       0       0       0       0       0       0       0       0       0       0       0       0       0       0       0       0       0       0
Total ram usage:        0 bytes
 Hardware stack levels used:    1
 This function calls:
		Nothing
 This function is called by:
		_SYSTEM_Initialize
 This function uses a non-reentrant model


 *************** function _PIN_MANAGER_Initialize *****************
 Defined at:
		line 55 in file "mcc_generated_files/pin_manager.c"
 Parameters:    Size  Location     Type
		None
 Auto vars:     Size  Location     Type
		None
 Return value:  Size  Location     Type
                  1    wreg      void 
 Registers used:
		wreg, status,2
 Tracked objects:
		On entry : 
		On exit  : 
		Unchanged: 
 Data sizes:     COMRAM   BANK0   BANK1   BANK2   BANK3   BANK4   BANK5   BANK6   BANK7   BANK8   BANK9  BANK10  BANK11  BANK12  BANK13  BANK14  BANK15  BANK16  BANK17  BANK18  BANK19  BANK20  BANK21  BANK22  BANK23  BANK24  BANK25  BANK26  BANK27  BANK28  BANK29  BANK30  BANK31
      Params:         0       0       0       0       0       0       0       0       0       0       0       0       0       0       0       0       0       0       0       0       0       0       0       0       0       0       0       0       0       0       0       0       0
      Locals:         0       0       0       0       0       0       0       0       0       0       0       0       0       0       0       0       0       0       0       0       0       0       0       0       0       0       0       0       0       0       0       0       0
      Temps:          0       0       0       0       0       0       0       0       0       0       0       0       0       0       0       0       0       0       0       0       0       0       0       0       0       0       0       0       0       0       0       0       0
      Totals:         0       0       0       0       0       0       0       0       0       0       0       0       0       0       0       0       0       0       0       0       0       0       0       0       0       0       0       0       0       0       0       0       0
Total ram usage:        0 bytes
 Hardware stack levels used:    1
 This function calls:
		Nothing
 This function is called by:
		_SYSTEM_Initialize
 This function uses a non-reentrant model


 *************** function _OSCILLATOR_Initialize *****************
 Defined at:
		line 58 in file "mcc_generated_files/mcc.c"
 Parameters:    Size  Location     Type
		None
 Auto vars:     Size  Location     Type
		None
 Return value:  Size  Location     Type
                  1    wreg      void 
 Registers used:
		wreg, status,2
 Tracked objects:
		On entry : 
		On exit  : 
		Unchanged: 
 Data sizes:     COMRAM   BANK0   BANK1   BANK2   BANK3   BANK4   BANK5   BANK6   BANK7   BANK8   BANK9  BANK10  BANK11  BANK12  BANK13  BANK14  BANK15  BANK16  BANK17  BANK18  BANK19  BANK20  BANK21  BANK22  BANK23  BANK24  BANK25  BANK26  BANK27  BANK28  BANK29  BANK30  BANK31
      Params:         0       0       0       0       0       0       0       0       0       0       0       0       0       0       0       0       0       0       0       0       0       0       0       0       0       0       0       0       0       0       0       0       0
      Locals:         0       0       0       0       0       0       0       0       0       0       0       0       0       0       0       0       0       0       0       0       0       0       0       0       0       0       0       0       0       0       0       0       0
      Temps:          0       0       0       0       0       0       0       0       0       0       0       0       0       0       0       0       0       0       0       0       0       0       0       0       0       0       0       0       0       0       0       0       0
      Totals:         0       0       0       0       0       0       0       0       0       0       0       0       0       0       0       0       0       0       0       0       0       0       0       0       0       0       0       0       0       0       0       0       0
Total ram usage:        0 bytes
 Hardware stack levels used:    1
 This function calls:
		Nothing
 This function is called by:
		_SYSTEM_Initialize
 This function uses a non-reentrant model


 *************** function _ADCC_Initialize *****************
 Defined at:
		line 62 in file "mcc_generated_files/adcc.c"
 Parameters:    Size  Location     Type
		None
 Auto vars:     Size  Location     Type
		None
 Return value:  Size  Location     Type
                  1    wreg      void 
 Registers used:
		wreg, status,2
 Tracked objects:
		On entry : 
		On exit  : 
		Unchanged: 
 Data sizes:     COMRAM   BANK0   BANK1   BANK2   BANK3   BANK4   BANK5   BANK6   BANK7   BANK8   BANK9  BANK10  BANK11  BANK12  BANK13  BANK14  BANK15  BANK16  BANK17  BANK18  BANK19  BANK20  BANK21  BANK22  BANK23  BANK24  BANK25  BANK26  BANK27  BANK28  BANK29  BANK30  BANK31
      Params:         0       0       0       0       0       0       0       0       0       0       0       0       0       0       0       0       0       0       0       0       0       0       0       0       0       0       0       0       0       0       0       0       0
      Locals:         0       0       0       0       0       0       0       0       0       0       0       0       0       0       0       0       0       0       0       0       0       0       0       0       0       0       0       0       0       0       0       0       0
      Temps:          0       0       0       0       0       0       0       0       0       0       0       0       0       0       0       0       0       0       0       0       0       0       0       0       0       0       0       0       0       0       0       0       0
      Totals:         0       0       0       0       0       0       0       0       0       0       0       0       0       0       0       0       0       0       0       0       0       0       0       0       0       0       0       0       0       0       0       0       0
Total ram usage:        0 bytes
 Hardware stack levels used:    1
 This function calls:
		Nothing
 This function is called by:
		_SYSTEM_Initialize
 This function uses a non-reentrant model


 *************** function _ADCC_GetSingleConversion *****************
 Defined at:
		line 137 in file "mcc_generated_files/adcc.c"
 Parameters:    Size  Location     Type
  channel         1    wreg     enum E15264
 Auto vars:     Size  Location     Type
  channel         1    4[COMRAM] enum E15264
 Return value:  Size  Location     Type
                  2    0[COMRAM] unsigned short 
 Registers used:
		wreg, status,2, status,0
 Tracked objects:
		On entry : 
		On exit  : 
		Unchanged: 
 Data sizes:     COMRAM   BANK0   BANK1   BANK2   BANK3   BANK4   BANK5   BANK6   BANK7   BANK8   BANK9  BANK10  BANK11  BANK12  BANK13  BANK14  BANK15  BANK16  BANK17  BANK18  BANK19  BANK20  BANK21  BANK22  BANK23  BANK24  BANK25  BANK26  BANK27  BANK28  BANK29  BANK30  BANK31
      Params:         2       0       0       0       0       0       0       0       0       0       0       0       0       0       0       0       0       0       0       0       0       0       0       0       0       0       0       0       0       0       0       0       0
      Locals:         1       0       0       0       0       0       0       0       0       0       0       0       0       0       0       0       0       0       0       0       0       0       0       0       0       0       0       0       0       0       0       0       0
      Temps:          2       0       0       0       0       0       0       0       0       0       0       0       0       0       0       0       0       0       0       0       0       0       0       0       0       0       0       0       0       0       0       0       0
      Totals:         5       0       0       0       0       0       0       0       0       0       0       0       0       0       0       0       0       0       0       0       0       0       0       0       0       0       0       0       0       0       0       0       0
Total ram usage:        5 bytes
 Hardware stack levels used:    1
 This function calls:
		Nothing
 This function is called by:
		_main
 This function uses a non-reentrant model



MODULE INFORMATION

Module		Function		Class		Link	Load	Size
mcc_generated_files/pin_manager.c
		_PIN_MANAGER_Initialize		CODE           	1FEFC	0000	93

mcc_generated_files/pin_manager.c estimated size: 93

shared
		__initialization		CODE           	1FE16	0000	5

shared estimated size: 5

mcc_generated_files/mcc.c
		_PMD_Initialize		CODE           	1FE4A	0000	37
		_OSCILLATOR_Initialize		CODE           	1FE32	0000	25
		_SYSTEM_Initialize		CODE           	1FE20	0000	19

mcc_generated_files/mcc.c estimated size: 81

mcc_generated_files/adcc.c
		_ADCC_GetSingleConversion		CODE           	1FE6E	0000	51
		_ADCC_Initialize		CODE           	1FEA0	0000	93

mcc_generated_files/adcc.c estimated size: 144

main.c
		_main          		CODE           	1FF58	0000	165

main.c estimated size: 165

